###############################################################################
#
# IAR ELF Linker V7.70.1.11437/W32 for ARM                20/Jun/2021  13:57:33
# Copyright 2007-2016 IAR Systems AB.
#
#    Output file  =  D:\Shawadfy\Github\Tiva C\I2C_Master\Debug\Exe\I2C.out
#    Map file     =  D:\Shawadfy\Github\Tiva C\I2C_Master\Debug\List\I2C.map
#    Command line =  
#        "D:\Shawadfy\Github\Tiva C\I2C_Master\Debug\Obj\I2C.o"
#        "D:\Shawadfy\Github\Tiva C\I2C_Master\Debug\Obj\main.o" -o
#        "D:\Shawadfy\Github\Tiva C\I2C_Master\Debug\Exe\I2C.out" --redirect
#        _Printf=_PrintfFull --redirect _Scanf=_ScanfFull --map
#        "D:\Shawadfy\Github\Tiva C\I2C_Master\Debug\List\I2C.map" --config
#        "C:\Program Files (x86)\IAR Systems\Embedded Workbench
#        7.5\arm\config\linker\TexasInstruments\TM4C123GH6.icf" --semihosting
#        --entry __iar_program_start --vfe
#
###############################################################################

*******************************************************************************
*** RUNTIME MODEL ATTRIBUTES
***

CppFlavor       = *
__SystemLibrary = DLib


*******************************************************************************
*** PLACEMENT SUMMARY
***

"A0":  place at 0x00000000 { ro section .intvec };
"P1":  place in [from 0x00000000 to 0x0003ffff] { ro };
"P2":  place in [from 0x20000000 to 0x20007fff] { rw, block CSTACK, block HEAP };

  Section   Kind        Address    Size  Object
  -------   ----        -------    ----  ------
"A0":                              0x40
  .intvec   ro code  0x00000000    0x40  vector_table_M.o [5]
                   - 0x00000040    0x40

"P1":                             0x1dc
  .text     ro code  0x00000040    0xd0  main.o [1]
  .text     ro code  0x00000110    0x98  I2C.o [1]
  .text     ro code  0x000001a8    0x22  fpinit_M.o [4]
  .rodata   const    0x000001ca     0x2  main.o [1]
  .text     ro code  0x000001cc    0x1a  cmain.o [5]
  .text     ro code  0x000001e6     0x4  low_level_init.o [3]
  .text     ro code  0x000001ea     0x4  exit.o [3]
  .text     ro code  0x000001ee     0x2  vector_table_M.o [5]
  .text     ro code  0x000001f0     0xa  cexit.o [5]
  .text     ro code  0x000001fc    0x14  exit.o [6]
  .text     ro code  0x00000210     0xc  cstartup_M.o [5]
                   - 0x0000021c   0x1dc

"P2":                            0x1000
  CSTACK             0x20000000  0x1000  <Block>
    CSTACK  uninit   0x20000000  0x1000  <Block tail>
                   - 0x20001000  0x1000



*******************************************************************************
*** MODULE SUMMARY
***

    Module            ro code  ro data  rw data
    ------            -------  -------  -------
D:\Shawadfy\Github\Tiva C\I2C_Master\Debug\Obj: [1]
    I2C.o                 152
    main.o                208        2
    -------------------------------------------
    Total:                360        2

command line: [2]
    -------------------------------------------
    Total:

dl7M_tln.a: [3]
    exit.o                  4
    low_level_init.o        4
    -------------------------------------------
    Total:                  8

m7M_tls.a: [4]
    fpinit_M.o             34
    -------------------------------------------
    Total:                 34

rt7M_tl.a: [5]
    cexit.o                10
    cmain.o                26
    cstartup_M.o           12
    vector_table_M.o       66
    -------------------------------------------
    Total:                114

shb_l.a: [6]
    exit.o                 20
    -------------------------------------------
    Total:                 20

    Gaps                    2
    Linker created                        4 096
-----------------------------------------------
    Grand Total:          538        2    4 096


*******************************************************************************
*** ENTRY LIST
***

Entry                    Address  Size  Type      Object
-----                    -------  ----  ----      ------
?main                 0x000001cd        Code  Gb  cmain.o [5]
CSTACK$$Base          0x20000000         --   Gb  - Linker created -
CSTACK$$Limit         0x20001000         --   Gb  - Linker created -
InitI2C0              0x00000111  0x70  Code  Gb  I2C.o [1]
Region$$Table$$Base   0x00000000         --   Gb  - Linker created -
Region$$Table$$Limit  0x00000000         --   Gb  - Linker created -
__cmain               0x000001cd        Code  Gb  cmain.o [5]
__exit                0x000001fd  0x14  Code  Gb  exit.o [6]
__iar_init_vfp        0x000001a9        Code  Gb  fpinit_M.o [4]
__iar_program_start   0x00000211        Code  Gb  cstartup_M.o [5]
__low_level_init      0x000001e7   0x4  Code  Gb  low_level_init.o [3]
__vector_table        0x00000000        Data  Gb  vector_table_M.o [5]
_call_main            0x000001d9        Code  Gb  cmain.o [5]
_exit                 0x000001f1        Code  Gb  cexit.o [5]
_main                 0x000001e3        Code  Gb  cmain.o [5]
exit                  0x000001eb   0x4  Code  Gb  exit.o [3]
main                  0x00000041  0xd0  Code  Gb  main.o [1]


[1] = D:\Shawadfy\Github\Tiva C\I2C_Master\Debug\Obj
[2] = command line
[3] = dl7M_tln.a
[4] = m7M_tls.a
[5] = rt7M_tl.a
[6] = shb_l.a

    538 bytes of readonly  code memory
      2 bytes of readonly  data memory
  4 096 bytes of readwrite data memory

Errors: none
Warnings: none
