###############################################################################
#
# IAR ELF Linker V7.70.1.11437/W32 for ARM                08/Aug/2021  13:20:21
# Copyright 2007-2016 IAR Systems AB.
#
#    Output file  =  D:\Shawadfy\I2C\I2C_Slave\Debug\Exe\I2C_Slave.out
#    Map file     =  D:\Shawadfy\I2C\I2C_Slave\Debug\List\I2C_Slave.map
#    Command line =  
#        D:\Shawadfy\I2C\I2C_Slave\Debug\Obj\i2c.o
#        D:\Shawadfy\I2C\I2C_Slave\Debug\Obj\main.o -o
#        D:\Shawadfy\I2C\I2C_Slave\Debug\Exe\I2C_Slave.out --redirect
#        _Printf=_PrintfFull --redirect _Scanf=_ScanfFull --map
#        D:\Shawadfy\I2C\I2C_Slave\Debug\List\I2C_Slave.map --config
#        "C:\Program Files (x86)\IAR Systems\Embedded Workbench
#        7.5\arm\config\linker\TexasInstruments\TM4C123GH6.icf" --semihosting
#        --entry __iar_program_start --vfe
#
###############################################################################

*******************************************************************************
*** RUNTIME MODEL ATTRIBUTES
***

CppFlavor       = *
__SystemLibrary = DLib


*******************************************************************************
*** PLACEMENT SUMMARY
***

"A0":  place at 0x00000000 { ro section .intvec };
"P1":  place in [from 0x00000000 to 0x0003ffff] { ro };
"P2":  place in [from 0x20000000 to 0x20007fff] { rw, block CSTACK, block HEAP };
initialize by copy { rw };

  Section            Kind        Address    Size  Object
  -------            ----        -------    ----  ------
"A0":                                       0x40
  .intvec            ro code  0x00000000    0x40  vector_table_M.o [5]
                            - 0x00000040    0x40

"P1":                                     0x1c24
  .text              ro code  0x00000040   0xdca  xprintffull.o [3]
  .text              ro code  0x00000e0a     0x2  vector_table_M.o [5]
  .text              ro code  0x00000e0c    0x16  strchr.o [5]
  .text              ro code  0x00000e24    0x36  strlen.o [5]
  .text              ro code  0x00000e5c    0x58  memchr.o [5]
  .text              ro code  0x00000eb4    0xee  I64DivMod.o [5]
  .text              ro code  0x00000fa4    0x76  ABImemcpy_unaligned.o [5]
  .text              ro code  0x0000101a    0x44  xdnorm.o [4]
  .text              ro code  0x00001060    0x2e  DblCmpLe.o [4]
  .text              ro code  0x00001090    0x2e  DblCmpGe.o [4]
  .text              ro code  0x000010c0   0x114  xdscale.o [4]
  .text              ro code  0x000011d4    0x58  DblToI32.o [4]
  .text              ro code  0x0000122c    0x30  I32ToDbl.o [4]
  .text              ro code  0x0000125c   0x180  DblSub.o [4]
  .text              ro code  0x000013dc   0x1a2  DblMul.o [4]
  .text              ro code  0x00001580   0x256  DblDiv.o [4]
  .text              ro code  0x000017d6     0xe  div.o [3]
  .text              ro code  0x000017e4     0x2  I64DivZer.o [5]
  .text              ro code  0x000017e8    0xd4  DblAdd.o [4]
  .text              ro code  0x000018bc    0xea  i2c.o [1]
  .text              ro code  0x000019a8    0x84  main.o [1]
  .text              ro code  0x00001a2c    0x24  printf.o [3]
  .text              ro code  0x00001a50    0x6c  iarttio.o [6]
  .text              ro code  0x00001abc     0x8  XShttio.o [3]
  .text              ro code  0x00001ac4    0x2c  copy_init3.o [5]
  .text              ro code  0x00001af0    0x28  putchar.o [3]
  .text              ro code  0x00001b18    0x10  write.o [6]
  .text              ro code  0x00001b28    0x1e  dwrite.o [6]
  .text              ro code  0x00001b46    0x20  iarwstd.o [6]
  .text              ro code  0x00001b66    0x22  iarwrite.o [6]
  .text              ro code  0x00001b88    0x28  data_init.o [5]
  .text              ro code  0x00001bb0    0x22  fpinit_M.o [4]
  .iar.init_table    const    0x00001bd4    0x14  - Linker created -
  .text              ro code  0x00001be8    0x1a  cmain.o [5]
  .text              ro code  0x00001c02     0x4  low_level_init.o [3]
  .text              ro code  0x00001c06     0x4  exit.o [3]
  .text              ro code  0x00001c0c     0xa  cexit.o [5]
  .text              ro code  0x00001c18    0x14  exit.o [6]
  .text              ro code  0x00001c2c    0x16  xprout.o [3]
  .rodata            const    0x00001c44     0xc  main.o [1]
  .text              ro code  0x00001c50     0xc  cstartup_M.o [5]
  Initializer bytes  const    0x00001c5c     0x8  <for P2-1>
  .rodata            const    0x00001c64     0x0  copy_init3.o [5]
                            - 0x00001c64  0x1c24

"P2", part 1 of 2:                           0x8
  P2-1                        0x20000000     0x8  <Init block>
    .data            inited   0x20000000     0x8  XShttio.o [3]
                            - 0x20000008     0x8

"P2", part 2 of 2:                        0x1000
  CSTACK                      0x20000008  0x1000  <Block>
    CSTACK           uninit   0x20000008  0x1000  <Block tail>
                            - 0x20001008  0x1000


*******************************************************************************
*** INIT TABLE
***

          Address     Size
          -------     ----
Copy (__iar_copy_init3)
    1 source range, total size 0x8:
          0x00001c5c   0x8
    1 destination range, total size 0x8:
          0x20000000   0x8



*******************************************************************************
*** MODULE SUMMARY
***

    Module                 ro code  ro data  rw data
    ------                 -------  -------  -------
D:\Shawadfy\I2C\I2C_Slave\Debug\Obj: [1]
    i2c.o                      234
    main.o                     132       12
    ------------------------------------------------
    Total:                     366       12

command line: [2]
    ------------------------------------------------
    Total:

dl7M_tln.a: [3]
    XShttio.o                    8        8        8
    div.o                       14
    exit.o                       4
    low_level_init.o             4
    printf.o                    36
    putchar.o                   40
    xprintffull.o            3 530
    xprout.o                    22
    ------------------------------------------------
    Total:                   3 658        8        8

m7M_tls.a: [4]
    DblAdd.o                   212
    DblCmpGe.o                  46
    DblCmpLe.o                  46
    DblDiv.o                   598
    DblMul.o                   418
    DblSub.o                   384
    DblToI32.o                  88
    I32ToDbl.o                  48
    fpinit_M.o                  34
    xdnorm.o                    68
    xdscale.o                  276
    ------------------------------------------------
    Total:                   2 218

rt7M_tl.a: [5]
    ABImemcpy_unaligned.o      118
    I64DivMod.o                238
    I64DivZer.o                  2
    cexit.o                     10
    cmain.o                     26
    copy_init3.o                44
    cstartup_M.o                12
    data_init.o                 40
    memchr.o                    88
    strchr.o                    22
    strlen.o                    54
    vector_table_M.o            66
    ------------------------------------------------
    Total:                     720

shb_l.a: [6]
    dwrite.o                    30
    exit.o                      20
    iarttio.o                  108
    iarwrite.o                  34
    iarwstd.o                   32
    write.o                     16
    ------------------------------------------------
    Total:                     240

    Gaps                        22        4
    Linker created                       20    4 096
----------------------------------------------------
    Grand Total:             7 224       44    4 104


*******************************************************************************
*** ENTRY LIST
***

Entry                      Address   Size  Type      Object
-----                      -------   ----  ----      ------
.iar.init_table$$Base   0x00001bd4          --   Gb  - Linker created -
.iar.init_table$$Limit  0x00001be8          --   Gb  - Linker created -
?main                   0x00001be9         Code  Gb  cmain.o [5]
CSTACK$$Base            0x20000008          --   Gb  - Linker created -
CSTACK$$Limit           0x20001008          --   Gb  - Linker created -
Delay_ms                0x0000198d   0x1a  Code  Gb  i2c.o [1]
I2CSlaveDataGet         0x00001985    0x8  Code  Gb  i2c.o [1]
I2CSlaveEnable          0x00001955   0x1a  Code  Gb  i2c.o [1]
I2CSlaveInit            0x0000196f   0x16  Code  Gb  i2c.o [1]
InitI2C3                0x000018bd   0x70  Code  Gb  i2c.o [1]
LoadInt                 0x000005e1   0x6e  Code  Lc  xprintffull.o [3]
Region$$Table$$Base     0x00001bd4          --   Gb  - Linker created -
Region$$Table$$Limit    0x00001be8          --   Gb  - Linker created -
_GenldFull              0x00000b59  0x26a  Code  Lc  xprintffull.o [3]
_LdtobFull              0x00000759  0x3fa  Code  Lc  xprintffull.o [3]
_LitobFull              0x0000064f  0x10a  Code  Lc  xprintffull.o [3]
_PrintfFull             0x00000041  0x59a  Code  Gb  xprintffull.o [3]
_Prout                  0x00001c2d   0x16  Code  Gb  xprout.o [3]
_PutcharsFull           0x00000dc3   0x2e  Code  Lc  xprintffull.o [3]
__aeabi_cdcmple         0x00001061         Code  Gb  DblCmpLe.o [4]
__aeabi_cdrcmple        0x00001091         Code  Gb  DblCmpGe.o [4]
__aeabi_d2iz            0x000011d5         Code  Gb  DblToI32.o [4]
__aeabi_d2uiz           0x00001201         Code  Gb  DblToI32.o [4]
__aeabi_ddiv            0x00001581         Code  Gb  DblDiv.o [4]
__aeabi_dmul            0x000013dd         Code  Gb  DblMul.o [4]
__aeabi_dsub            0x0000125d         Code  Gb  DblSub.o [4]
__aeabi_i2d             0x0000122d         Code  Gb  I32ToDbl.o [4]
__aeabi_ldiv0           0x000017e5         Code  Gb  I64DivZer.o [5]
__aeabi_ui2d            0x00001241         Code  Gb  I32ToDbl.o [4]
__aeabi_uldivmod        0x00000eb5         Code  Gb  I64DivMod.o [5]
__cmain                 0x00001be9         Code  Gb  cmain.o [5]
__dwrite                0x00001b29   0x1e  Code  Gb  dwrite.o [6]
__exit                  0x00001c19   0x14  Code  Gb  exit.o [6]
__iar_Dnorm             0x0000101b   0x44  Code  Gb  xdnorm.o [4]
__iar_Dscale            0x000010c1  0x114  Code  Gb  xdscale.o [4]
__iar_Memchr            0x00000e5d         Code  Gb  memchr.o [5]
__iar_Strchr            0x00000e0d         Code  Gb  strchr.o [5]
__iar_close_ttio        0x00001a51   0x2e  Code  Gb  iarttio.o [6]
__iar_copy_init3        0x00001ac5   0x2c  Code  Gb  copy_init3.o [5]
__iar_d2uiz             0x0000120d         Code  Gb  DblToI32.o [4]
__iar_dadd              0x000017e9         Code  Gb  DblAdd.o [4]
__iar_data_init3        0x00001b89   0x28  Code  Gb  data_init.o [5]
__iar_dsub              0x00001271         Code  Gb  DblSub.o [4]
__iar_dsubStart         0x00001283         Code  Gb  DblSub.o [4]
__iar_get_ttio          0x00001a81   0x38  Code  Gb  iarttio.o [6]
__iar_init_vfp          0x00001bb1         Code  Gb  fpinit_M.o [4]
__iar_lookup_ttioh      0x00001abd    0x8  Code  Gb  XShttio.o [3]
__iar_program_start     0x00001c51         Code  Gb  cstartup_M.o [5]
__iar_sh_stdout         0x00001b47   0x20  Code  Gb  iarwstd.o [6]
__iar_sh_write          0x00001b67   0x22  Code  Gb  iarwrite.o [6]
__iar_ttio_handles      0x20000000    0x8  Data  Lc  XShttio.o [3]
__iar_ui2d              0x00001245         Code  Gb  I32ToDbl.o [4]
__iar_unaligned___aeabi_memcpy
                        0x00000fa5         Code  Gb  ABImemcpy_unaligned.o [5]
__iar_unaligned___aeabi_memcpy4
                        0x00000fc5         Code  Gb  ABImemcpy_unaligned.o [5]
__iar_unaligned___aeabi_memcpy8
                        0x00000fc5         Code  Gb  ABImemcpy_unaligned.o [5]
__low_level_init        0x00001c03    0x4  Code  Gb  low_level_init.o [3]
__vector_table          0x00000000         Data  Gb  vector_table_M.o [5]
__write                 0x00001b19   0x10  Code  Gb  write.o [6]
_call_main              0x00001bf5         Code  Gb  cmain.o [5]
_exit                   0x00001c0d         Code  Gb  cexit.o [5]
_main                   0x00001bff         Code  Gb  cmain.o [5]
div                     0x000017d7    0xe  Code  Gb  div.o [3]
exit                    0x00001c07    0x4  Code  Gb  exit.o [3]
main                    0x000019a9   0x84  Code  Gb  main.o [1]
memchr                  0x00000e5d         Code  Gb  memchr.o [5]
printf                  0x00001a2d   0x24  Code  Gb  printf.o [3]
putchar                 0x00001af1   0x28  Code  Gb  putchar.o [3]
strchr                  0x00000e0d         Code  Gb  strchr.o [5]
strlen                  0x00000e25         Code  Gb  strlen.o [5]


[1] = D:\Shawadfy\I2C\I2C_Slave\Debug\Obj
[2] = command line
[3] = dl7M_tln.a
[4] = m7M_tls.a
[5] = rt7M_tl.a
[6] = shb_l.a

  7 224 bytes of readonly  code memory
     44 bytes of readonly  data memory
  4 104 bytes of readwrite data memory

Errors: none
Warnings: none
