###############################################################################
#
# IAR ELF Linker V7.70.1.11437/W32 for ARM                26/May/2021  12:38:53
# Copyright 2007-2016 IAR Systems AB.
#
#    Output file  =  D:\Shawadfy\PWM_ROM - Copy\Debug\Exe\PWM_ROM.out
#    Map file     =  D:\Shawadfy\PWM_ROM - Copy\Debug\List\PWM_ROM.map
#    Command line =  
#        "D:\Shawadfy\PWM_ROM - Copy\Debug\Obj\main.o" "D:\Shawadfy\PWM_ROM -
#        Copy\Debug\Obj\pwm_functions.o" -o "D:\Shawadfy\PWM_ROM -
#        Copy\Debug\Exe\PWM_ROM.out" --redirect _Printf=_PrintfFull --redirect
#        _Scanf=_ScanfFull --map "D:\Shawadfy\PWM_ROM -
#        Copy\Debug\List\PWM_ROM.map" --config "C:\Program Files (x86)\IAR
#        Systems\Embedded Workbench
#        7.5\arm\config\linker\TexasInstruments\TM4C123GH6.icf" --semihosting
#        --entry __iar_program_start --vfe
#
###############################################################################

*******************************************************************************
*** RUNTIME MODEL ATTRIBUTES
***

CppFlavor       = *
__SystemLibrary = DLib


*******************************************************************************
*** PLACEMENT SUMMARY
***

"A0":  place at 0x00000000 { ro section .intvec };
"P1":  place in [from 0x00000000 to 0x0003ffff] { ro };
"P2":  place in [from 0x20000000 to 0x20007fff] { rw, block CSTACK, block HEAP };

  Section   Kind        Address    Size  Object
  -------   ----        -------    ----  ------
"A0":                              0x40
  .intvec   ro code  0x00000000    0x40  vector_table_M.o [5]
                   - 0x00000040    0x40

"P1":                             0x170
  .text     ro code  0x00000040    0xa0  pwm_functions.o [1]
  .text     ro code  0x000000e0    0x5c  main.o [1]
  .text     ro code  0x0000013c    0x22  fpinit_M.o [4]
  .text     ro code  0x0000015e     0x2  vector_table_M.o [5]
  .text     ro code  0x00000160    0x1a  cmain.o [5]
  .text     ro code  0x0000017a     0x4  low_level_init.o [3]
  .text     ro code  0x0000017e     0x4  exit.o [3]
  .text     ro code  0x00000184     0xa  cexit.o [5]
  .text     ro code  0x00000190    0x14  exit.o [6]
  .text     ro code  0x000001a4     0xc  cstartup_M.o [5]
                   - 0x000001b0   0x170

"P2":                            0x1000
  CSTACK             0x20000000  0x1000  <Block>
    CSTACK  uninit   0x20000000  0x1000  <Block tail>
                   - 0x20001000  0x1000



*******************************************************************************
*** MODULE SUMMARY
***

    Module            ro code  rw data
    ------            -------  -------
D:\Shawadfy\PWM_ROM - Copy\Debug\Obj: [1]
    main.o                 92
    pwm_functions.o       160
    ----------------------------------
    Total:                252

command line: [2]
    ----------------------------------
    Total:

dl7M_tln.a: [3]
    exit.o                  4
    low_level_init.o        4
    ----------------------------------
    Total:                  8

m7M_tls.a: [4]
    fpinit_M.o             34
    ----------------------------------
    Total:                 34

rt7M_tl.a: [5]
    cexit.o                10
    cmain.o                26
    cstartup_M.o           12
    vector_table_M.o       66
    ----------------------------------
    Total:                114

shb_l.a: [6]
    exit.o                 20
    ----------------------------------
    Total:                 20

    Gaps                    4
    Linker created               4 096
--------------------------------------
    Grand Total:          432    4 096


*******************************************************************************
*** ENTRY LIST
***

Entry                    Address  Size  Type      Object
-----                    -------  ----  ----      ------
?main                 0x00000161        Code  Gb  cmain.o [5]
CSTACK$$Base          0x20000000         --   Gb  - Linker created -
CSTACK$$Limit         0x20001000         --   Gb  - Linker created -
Region$$Table$$Base   0x00000000         --   Gb  - Linker created -
Region$$Table$$Limit  0x00000000         --   Gb  - Linker created -
__cmain               0x00000161        Code  Gb  cmain.o [5]
__exit                0x00000191  0x14  Code  Gb  exit.o [6]
__iar_init_vfp        0x0000013d        Code  Gb  fpinit_M.o [4]
__iar_program_start   0x000001a5        Code  Gb  cstartup_M.o [5]
__low_level_init      0x0000017b   0x4  Code  Gb  low_level_init.o [3]
__vector_table        0x00000000        Data  Gb  vector_table_M.o [5]
_call_main            0x0000016d        Code  Gb  cmain.o [5]
_exit                 0x00000185        Code  Gb  cexit.o [5]
_main                 0x00000177        Code  Gb  cmain.o [5]
exit                  0x0000017f   0x4  Code  Gb  exit.o [3]
main                  0x000000e1  0x5c  Code  Gb  main.o [1]
pwm_ch_config         0x00000085  0x4e  Code  Gb  pwm_functions.o [1]
pwm_init              0x00000041  0x24  Code  Gb  pwm_functions.o [1]
pwm_pin_config        0x00000065  0x20  Code  Gb  pwm_functions.o [1]


[1] = D:\Shawadfy\PWM_ROM - Copy\Debug\Obj
[2] = command line
[3] = dl7M_tln.a
[4] = m7M_tls.a
[5] = rt7M_tl.a
[6] = shb_l.a

    432 bytes of readonly  code memory
  4 096 bytes of readwrite data memory

Errors: none
Warnings: none
