###############################################################################
#
# IAR ELF Linker V7.70.1.11437/W32 for ARM                08/Jun/2021  22:32:50
# Copyright 2007-2016 IAR Systems AB.
#
#    Output file  =  
#        C:\Users\Peter\Desktop\workingspace\SPI_Master_v2\Debug\Exe\SPI_Master.out
#    Map file     =  
#        C:\Users\Peter\Desktop\workingspace\SPI_Master_v2\Debug\List\SPI_Master.map
#    Command line =  
#        C:\Users\Peter\Desktop\workingspace\SPI_Master_v2\Debug\Obj\cstartup_M.o
#        C:\Users\Peter\Desktop\workingspace\SPI_Master_v2\Debug\Obj\main.o
#        C:\Users\Peter\Desktop\workingspace\SPI_Master_v2\Debug\Obj\SPI.o -o
#        C:\Users\Peter\Desktop\workingspace\SPI_Master_v2\Debug\Exe\SPI_Master.out
#        --map
#        C:\Users\Peter\Desktop\workingspace\SPI_Master_v2\Debug\List\SPI_Master.map
#        --config "C:\Program Files (x86)\IAR Systems\Embedded Workbench
#        7.5\arm\config\linker\TexasInstruments\TM4C123GH6.icf" --semihosting
#        --entry __iar_program_start --vfe
#
###############################################################################

*******************************************************************************
*** RUNTIME MODEL ATTRIBUTES
***

CppFlavor       = *
__SystemLibrary = DLib


*******************************************************************************
*** PLACEMENT SUMMARY
***

"A0":  place at 0x00000000 { ro section .intvec };
"P1":  place in [from 0x00000000 to 0x0003ffff] { ro };
"P2":  place in [from 0x20000000 to 0x20007fff] { rw, block CSTACK, block HEAP };

  Section          Kind        Address    Size  Object
  -------          ----        -------    ----  ------
"A0":                                     0x60
  .intvec          const    0x00000000    0x60  cstartup_M.o [1]
                          - 0x00000060    0x60

"P1":                                    0x28c
  .text            ro code  0x00000060   0x154  main.o [1]
  .text            ro code  0x000001b4    0x38  SPI.o [1]
  .text            ro code  0x000001ec    0x40  zero_init3.o [5]
  .text            ro code  0x0000022c    0x28  data_init.o [5]
  .text            ro code  0x00000254    0x22  fpinit_M.o [4]
  .iar.init_table  const    0x00000278    0x10  - Linker created -
  .text            ro code  0x00000288     0x2  cstartup_M.o [1]
  .text            ro code  0x0000028c    0x1a  cmain.o [5]
  .text            ro code  0x000002a6     0x4  low_level_init.o [3]
  .text            ro code  0x000002aa     0x4  exit.o [3]
  .text            ro code  0x000002ae     0x2  cstartup_M.o [1]
  .text            ro code  0x000002b0     0xa  cexit.o [5]
  .text            ro code  0x000002ba     0x2  cstartup_M.o [1]
  .text            ro code  0x000002bc    0x14  exit.o [6]
  .text            ro code  0x000002d0    0x10  cstartup_M.o [1]
  .text            ro code  0x000002e0     0x2  cstartup_M.o [1]
  .text            ro code  0x000002e2     0x2  cstartup_M.o [1]
  .text            ro code  0x000002e4     0x2  cstartup_M.o [1]
  .text            ro code  0x000002e6     0x2  cstartup_M.o [1]
  .text            ro code  0x000002e8     0x2  cstartup_M.o [1]
  .text            ro code  0x000002ea     0x2  cstartup_M.o [1]
  .rodata          const    0x000002ec     0x0  zero_init3.o [5]
                          - 0x000002ec   0x28c

"P2", part 1 of 2:                       0x404
  .bss             zero     0x20000000   0x400  main.o [1]
  .bss             zero     0x20000400     0x1  main.o [1]
                          - 0x20000401   0x401

"P2", part 2 of 2:                      0x1000
  CSTACK                    0x20000408  0x1000  <Block>
    CSTACK         uninit   0x20000408  0x1000  <Block tail>
                          - 0x20001408  0x1000


*******************************************************************************
*** INIT TABLE
***

          Address     Size
          -------     ----
Zero (__iar_zero_init3)
    1 destination range, total size 0x401:
          0x20000000  0x401



*******************************************************************************
*** MODULE SUMMARY
***

    Module            ro code  ro data  rw data
    ------            -------  -------  -------
C:\Users\Peter\Desktop\workingspace\SPI_Master_v2\Debug\Obj: [1]
    SPI.o                  56
    cstartup_M.o           34       96
    main.o                340             1 025
    -------------------------------------------
    Total:                430       96    1 025

command line: [2]
    -------------------------------------------
    Total:

dl7M_tln.a: [3]
    exit.o                  4
    low_level_init.o        4
    -------------------------------------------
    Total:                  8

m7M_tls.a: [4]
    fpinit_M.o             34
    -------------------------------------------
    Total:                 34

rt7M_tl.a: [5]
    cexit.o                10
    cmain.o                26
    data_init.o            40
    zero_init3.o           64
    -------------------------------------------
    Total:                140

shb_l.a: [6]
    exit.o                 20
    -------------------------------------------
    Total:                 20

    Gaps                    2        2
    Linker created                  16    4 096
-----------------------------------------------
    Grand Total:          634      114    5 121


*******************************************************************************
*** ENTRY LIST
***

Entry                      Address   Size  Type      Object
-----                      -------   ----  ----      ------
.iar.init_table$$Base   0x00000278          --   Gb  - Linker created -
.iar.init_table$$Limit  0x00000288          --   Gb  - Linker created -
?main                   0x0000028d         Code  Gb  cmain.o [5]
BusFault_Handler        0x000002e1    0x2  Code  Wk  cstartup_M.o [1]
CSTACK$$Base            0x20000408          --   Gb  - Linker created -
CSTACK$$Limit           0x20001408          --   Gb  - Linker created -
DebugMon_Handler        0x000002e7    0x2  Code  Wk  cstartup_M.o [1]
Delay_ms                0x00000161   0x1a  Code  Gb  main.o [1]
HardFault_Handler       0x000002af    0x2  Code  Wk  cstartup_M.o [1]
ISR_SSI_handler         0x0000017b   0x14  Code  Gb  main.o [1]
MemManage_Handler       0x000002bb    0x2  Code  Wk  cstartup_M.o [1]
NMI_Handler             0x00000289    0x2  Code  Wk  cstartup_M.o [1]
PendSV_Handler          0x000002e9    0x2  Code  Wk  cstartup_M.o [1]
Region$$Table$$Base     0x00000278          --   Gb  - Linker created -
Region$$Table$$Limit    0x00000288          --   Gb  - Linker created -
SPI0_init               0x000000d5   0x8c  Code  Gb  main.o [1]
SSI_Receive_char        0x000001d3   0x10  Code  Gb  SPI.o [1]
SSI_send_char           0x000001b5   0x1e  Code  Gb  SPI.o [1]
SVC_Handler             0x000002e5    0x2  Code  Wk  cstartup_M.o [1]
SysTick_Handler         0x000002eb    0x2  Code  Wk  cstartup_M.o [1]
UsageFault_Handler      0x000002e3    0x2  Code  Wk  cstartup_M.o [1]
__cmain                 0x0000028d         Code  Gb  cmain.o [5]
__exit                  0x000002bd   0x14  Code  Gb  exit.o [6]
__iar_data_init3        0x0000022d   0x28  Code  Gb  data_init.o [5]
__iar_init_vfp          0x00000255         Code  Gb  fpinit_M.o [4]
__iar_program_start     0x000002d1   0x10  Code  Gb  cstartup_M.o [1]
__iar_zero_init3        0x000001ed   0x40  Code  Gb  zero_init3.o [5]
__low_level_init        0x000002a7    0x4  Code  Gb  low_level_init.o [3]
__vector_table          0x00000000   0x60  Data  Gb  cstartup_M.o [1]
_call_main              0x00000299         Code  Gb  cmain.o [5]
_exit                   0x000002b1         Code  Gb  cexit.o [5]
_main                   0x000002a3         Code  Gb  cmain.o [5]
data                    0x20000000  0x400  Data  Gb  main.o [1]
exit                    0x000002ab    0x4  Code  Gb  exit.o [3]
i                       0x20000400    0x1  Data  Gb  main.o [1]
main                    0x00000061   0x74  Code  Gb  main.o [1]


[1] = C:\Users\Peter\Desktop\workingspace\SPI_Master_v2\Debug\Obj
[2] = command line
[3] = dl7M_tln.a
[4] = m7M_tls.a
[5] = rt7M_tl.a
[6] = shb_l.a

    634 bytes of readonly  code memory
    114 bytes of readonly  data memory
  5 121 bytes of readwrite data memory

Errors: none
Warnings: none
