###############################################################################
#
# IAR ELF Linker V7.70.1.11437/W32 for ARM                06/Jun/2021  13:08:21
# Copyright 2007-2016 IAR Systems AB.
#
#    Output file  =  D:\Shawadfy\SPI\Tiva C\Master\Debug\Exe\SPI_Master.out
#    Map file     =  D:\Shawadfy\SPI\Tiva C\Master\Debug\List\SPI_Master.map
#    Command line =  
#        "D:\Shawadfy\SPI\Tiva C\Master\Debug\Obj\cstartup_M.o"
#        "D:\Shawadfy\SPI\Tiva C\Master\Debug\Obj\main.o" "D:\Shawadfy\SPI\Tiva
#        C\Master\Debug\Obj\SPI.o" -o "D:\Shawadfy\SPI\Tiva
#        C\Master\Debug\Exe\SPI_Master.out" --redirect _Printf=_PrintfFull
#        --redirect _Scanf=_ScanfFull --map "D:\Shawadfy\SPI\Tiva
#        C\Master\Debug\List\SPI_Master.map" --config "C:\Program Files
#        (x86)\IAR Systems\Embedded Workbench
#        7.5\arm\config\linker\TexasInstruments\TM4C123GH6.icf" --semihosting
#        --entry __iar_program_start --vfe
#
###############################################################################

*******************************************************************************
*** RUNTIME MODEL ATTRIBUTES
***

CppFlavor       = *
__SystemLibrary = DLib


*******************************************************************************
*** PLACEMENT SUMMARY
***

"A0":  place at 0x00000000 { ro section .intvec };
"P1":  place in [from 0x00000000 to 0x0003ffff] { ro };
"P2":  place in [from 0x20000000 to 0x20007fff] { rw, block CSTACK, block HEAP };

  Section   Kind        Address    Size  Object
  -------   ----        -------    ----  ------
"A0":                              0x60
  .intvec   const    0x00000000    0x60  cstartup_M.o [1]
                   - 0x00000060    0x60

"P1":                             0x1ec
  .text     ro code  0x00000060   0x168  main.o [1]
  .text     ro code  0x000001c8    0x22  fpinit_M.o [4]
  .text     ro code  0x000001ea     0x2  cstartup_M.o [1]
  .text     ro code  0x000001ec    0x1a  cmain.o [5]
  .text     ro code  0x00000206     0x4  low_level_init.o [3]
  .text     ro code  0x0000020a     0x4  exit.o [3]
  .text     ro code  0x0000020e     0x2  cstartup_M.o [1]
  .text     ro code  0x00000210     0xa  cexit.o [5]
  .text     ro code  0x0000021a     0x2  cstartup_M.o [1]
  .text     ro code  0x0000021c    0x14  exit.o [6]
  .text     ro code  0x00000230    0x10  cstartup_M.o [1]
  .text     ro code  0x00000240     0x2  cstartup_M.o [1]
  .text     ro code  0x00000242     0x2  cstartup_M.o [1]
  .text     ro code  0x00000244     0x2  cstartup_M.o [1]
  .text     ro code  0x00000246     0x2  cstartup_M.o [1]
  .text     ro code  0x00000248     0x2  cstartup_M.o [1]
  .text     ro code  0x0000024a     0x2  cstartup_M.o [1]
                   - 0x0000024c   0x1ec

"P2":                            0x1000
  CSTACK             0x20000000  0x1000  <Block>
    CSTACK  uninit   0x20000000  0x1000  <Block tail>
                   - 0x20001000  0x1000



*******************************************************************************
*** MODULE SUMMARY
***

    Module            ro code  ro data  rw data
    ------            -------  -------  -------
D:\Shawadfy\SPI\Tiva C\Master\Debug\Obj: [1]
    cstartup_M.o           34       96
    main.o                360
    -------------------------------------------
    Total:                394       96

command line: [2]
    -------------------------------------------
    Total:

dl7M_tln.a: [3]
    exit.o                  4
    low_level_init.o        4
    -------------------------------------------
    Total:                  8

m7M_tls.a: [4]
    fpinit_M.o             34
    -------------------------------------------
    Total:                 34

rt7M_tl.a: [5]
    cexit.o                10
    cmain.o                26
    -------------------------------------------
    Total:                 36

shb_l.a: [6]
    exit.o                 20
    -------------------------------------------
    Total:                 20

    Linker created                        4 096
-----------------------------------------------
    Grand Total:          492       96    4 096


*******************************************************************************
*** ENTRY LIST
***

Entry                    Address  Size  Type      Object
-----                    -------  ----  ----      ------
?main                 0x000001ed        Code  Gb  cmain.o [5]
BusFault_Handler      0x00000241   0x2  Code  Wk  cstartup_M.o [1]
CSTACK$$Base          0x20000000         --   Gb  - Linker created -
CSTACK$$Limit         0x20001000         --   Gb  - Linker created -
DebugMon_Handler      0x00000247   0x2  Code  Wk  cstartup_M.o [1]
Delay_ms              0x000001ad  0x1a  Code  Gb  main.o [1]
HardFault_Handler     0x0000020f   0x2  Code  Wk  cstartup_M.o [1]
ISR_SSI_handler       0x000001c7   0x2  Code  Gb  main.o [1]
MemManage_Handler     0x0000021b   0x2  Code  Wk  cstartup_M.o [1]
NMI_Handler           0x000001eb   0x2  Code  Wk  cstartup_M.o [1]
PendSV_Handler        0x00000249   0x2  Code  Wk  cstartup_M.o [1]
Region$$Table$$Base   0x00000000         --   Gb  - Linker created -
Region$$Table$$Limit  0x00000000         --   Gb  - Linker created -
SPI1_Write            0x0000008d  0x30  Code  Gb  main.o [1]
SPI1_init             0x000000bd  0xae  Code  Gb  main.o [1]
SVC_Handler           0x00000245   0x2  Code  Wk  cstartup_M.o [1]
SysTick_Handler       0x0000024b   0x2  Code  Wk  cstartup_M.o [1]
UsageFault_Handler    0x00000243   0x2  Code  Wk  cstartup_M.o [1]
__cmain               0x000001ed        Code  Gb  cmain.o [5]
__exit                0x0000021d  0x14  Code  Gb  exit.o [6]
__iar_init_vfp        0x000001c9        Code  Gb  fpinit_M.o [4]
__iar_program_start   0x00000231  0x10  Code  Gb  cstartup_M.o [1]
__low_level_init      0x00000207   0x4  Code  Gb  low_level_init.o [3]
__vector_table        0x00000000  0x60  Data  Gb  cstartup_M.o [1]
_call_main            0x000001f9        Code  Gb  cmain.o [5]
_exit                 0x00000211        Code  Gb  cexit.o [5]
_main                 0x00000203        Code  Gb  cmain.o [5]
exit                  0x0000020b   0x4  Code  Gb  exit.o [3]
main                  0x00000061  0x2c  Code  Gb  main.o [1]


[1] = D:\Shawadfy\SPI\Tiva C\Master\Debug\Obj
[2] = command line
[3] = dl7M_tln.a
[4] = m7M_tls.a
[5] = rt7M_tl.a
[6] = shb_l.a

    492 bytes of readonly  code memory
     96 bytes of readonly  data memory
  4 096 bytes of readwrite data memory

Errors: none
Warnings: none
